Microchip MPLAB XC8 Compiler V2.36

Linker command line:

-W-3 --edf=C:\Program Files\Microchip\xc8\v2.36\pic\dat\en_msgs.txt -cn \
  -h+dist/default/production\INTERFACE.production.sym \
  --cmf=dist/default/production\INTERFACE.production.cmf -z -Q18F4620 \
  -oC:\Users\mohamed\AppData\Local\Temp\xcAsb48.5 --defsym=__MPLAB_BUILD=1 \
  -Mdist/default/production/INTERFACE.production.map \
  --md=C:\Users\mohamed\AppData\Local\Temp\xcAsb48.dat -E1 \
  -ver=XC8 Compiler --acfsm=1493 -ACODE=00h-0FFFFh -ACONST=00h-0FFFFh \
  -ASMALLCONST=01000h-010FFhx240 -AMEDIUMCONST=01000h-0FFFFh \
  -ACOMRAM=01h-07Fh -AABS1=00h-0F7Fh -ABIGRAM=01h-0F7Fh \
  -ARAM=080h-0FFh,0100h-01FFhx14,0F00h-0F7Fh -ABANK0=080h-0FFh \
  -ABANK1=0100h-01FFh -ABANK2=0200h-02FFh -ABANK3=0300h-03FFh \
  -ABANK4=0400h-04FFh -ABANK5=0500h-05FFh -ABANK6=0600h-06FFh \
  -ABANK7=0700h-07FFh -ABANK8=0800h-08FFh -ABANK9=0900h-09FFh \
  -ABANK10=0A00h-0AFFh -ABANK11=0B00h-0BFFh -ABANK12=0C00h-0CFFh \
  -ABANK13=0D00h-0DFFh -ABANK14=0E00h-0EFFh -ABANK15=0F00h-0F7Fh \
  -ASFR=0F80h-0FFFh -ABIGSFR=0F80h-0FFFh -ACONFIG=0300000h-030000Dh \
  -AIDLOC=0200000h-0200007h -AEEDATA=0F00000h-0F003FFh -peeprom_data=EEDATA \
  -preset_vec=00h,intcode,intcodelo,powerup,init -pramtop=01000h \
  -psmallconst=SMALLCONST -pmediumconst=MEDIUMCONST -pconst=CONST \
  -AFARRAM=00h-00h \
  -prdata=COMRAM,nvrram=COMRAM,nvbit=COMRAM,rbss=COMRAM,rbit=COMRAM \
  -pfarbss=FARRAM,fardata=FARRAM,nvFARRAM=FARRAM \
  -pintsave_regs=BIGRAM,bigbss=BIGRAM,bigdata=BIGRAM -pbss=RAM \
  -pidata=CODE,irdata=CODE,ibigdata=CODE,ifardata=CODE -prparam=COMRAM \
  C:\Users\mohamed\AppData\Local\Temp\xcAsb48.o \
  dist/default/production\INTERFACE.production.o 

Object code version is 3.11

Machine type is 18F4620



                Name                               Link     Load   Length Selector   Space Scale
C:\Users\mohamed\AppData\Local\Temp\xcAsb48.o
                idloc                            200000   200000        8        0       5
                config                           300000   300000        E        0       4
                init                                  0        0        4        0       0
dist/default/production\INTERFACE.production.o
                idloc                            200000   200000        8        0       5
                config                           300000   300000        E        0       4
                smallconst                         1000     1000       1E      800       0
                text8                              1162     1162      12C      80F       0
                text7                              15DA     15DA       50      80F       0
                text6                              14D6     14D6       90      80F       0
                text5                              1446     1446       90      80F       0
                text4                              1396     1396       B0      80F       0
                text3                              1566     1566       74      80F       0
                text2                              101E     101E      144      80F       0
                text1                              128E     128E      108      80F       0
                text0                              1660     1660       34      80F       0
                cstackCOMRAM                         32       32       23        1       1
                dataCOMRAM                            1        1       31        1       1
                bssCOMRAM                            55       55        D        1       1
                cinit                              162A     162A       36      80F       0
                idataCOMRAM                        1694     1694       31      80F       0

TOTAL           Name                               Link     Load   Length     Space
        CLASS   CODE           
                init                                  0        0        4         0
                text8                              1162     1162      12C         0
                text7                              15DA     15DA       50         0
                text6                              14D6     14D6       90         0
                text5                              1446     1446       90         0
                text4                              1396     1396       B0         0
                text3                              1566     1566       74         0
                text2                              101E     101E      144         0
                text1                              128E     128E      108         0
                text0                              1660     1660       34         0
                cinit                              162A     162A       36         0
                idataCOMRAM                        1694     1694       31         0

        CLASS   CONST          

        CLASS   SMALLCONST     
                smallconst                         1000     1000       1E         0

        CLASS   MEDIUMCONST    

        CLASS   COMRAM         
                cstackCOMRAM                         32       32       23         1
                dataCOMRAM                            1        1       31         1
                bssCOMRAM                            55       55        D         1

        CLASS   ABS1           

        CLASS   BIGRAM         

        CLASS   RAM            

        CLASS   BANK0          

        CLASS   BANK1          

        CLASS   BANK2          

        CLASS   BANK3          

        CLASS   BANK4          

        CLASS   BANK5          

        CLASS   BANK6          

        CLASS   BANK7          

        CLASS   BANK8          

        CLASS   BANK9          

        CLASS   BANK10         

        CLASS   BANK11         

        CLASS   BANK12         

        CLASS   BANK13         

        CLASS   BANK14         

        CLASS   BANK15         

        CLASS   SFR            

        CLASS   BIGSFR         

        CLASS   CONFIG         
                config                           300000   300000        E         4

        CLASS   IDLOC          
                idloc                            200000   200000        8         5

        CLASS   EEDATA         

        CLASS   FARRAM         

        CLASS   HEAP           

        CLASS   STACK          



SEGMENTS        Name                           Load    Length   Top    Selector   Space  Class

                reset_vec                      000000  000004  000004         0       0  CODE    
                dataCOMRAM                     000001  000061  000062         1       1  COMRAM  
                smallconst                     001000  00001E  00101E       800       0  SMALLCON
                text2                          00101E  0006A7  0016C5       80F       0  CODE    


UNUSED ADDRESS RANGES

        Name                Unused          Largest block    Delta
        BANK0            000080-0000FF               80
        BANK1            000100-0001FF              100
        BANK10           000A00-000AFF              100
        BANK11           000B00-000BFF              100
        BANK12           000C00-000CFF              100
        BANK13           000D00-000DFF              100
        BANK14           000E00-000EFF              100
        BANK15           000F00-000F7F               80
        BANK2            000200-0002FF              100
        BANK3            000300-0003FF              100
        BANK4            000400-0004FF              100
        BANK5            000500-0005FF              100
        BANK6            000600-0006FF              100
        BANK7            000700-0007FF              100
        BANK8            000800-0008FF              100
        BANK9            000900-0009FF              100
        BIGRAM           000062-000F7F              F1E
        BIGSFR           000F80-000FFF               80
        CODE             000004-000FFF              FFC
                         0016C5-00FFFF             E93B
        COMRAM           000062-00007F               1E
        CONST            000004-000FFF              FFC
                         0016C5-00FFFF             E93B
        EEDATA           F00000-F003FF              400
        MEDIUMCONST      0016C5-00FFFF             E93B
        RAM              000080-000F7F              100
        SFR              000F80-000FFF               80
        SMALLCONST       0016C5-00FFFF              100

                                  Symbol Table

_LATA                                 (abs)        000F89
_LATB                                 (abs)        000F8A
_LATC                                 (abs)        000F8B
_LATD                                 (abs)        000F8C
_LATE                                 (abs)        000F8D
_LAT_array                            dataCOMRAM   000001
_PORTA                                (abs)        000F80
_PORTB                                (abs)        000F81
_PORTC                                (abs)        000F82
_PORTD                                (abs)        000F83
_PORTE                                (abs)        000F84
_PORT_array                           dataCOMRAM   00000B
_TRISA                                (abs)        000F92
_TRISB                                (abs)        000F93
_TRISC                                (abs)        000F94
_TRISD                                (abs)        000F95
_TRISE                                (abs)        000F96
_TRIS_array                           dataCOMRAM   000015
__HRAM                                (abs)        000000
__Habs1                               abs1         000000
__Hbank0                              bank0        000000
__Hbank1                              bank1        000000
__Hbank10                             bank10       000000
__Hbank11                             bank11       000000
__Hbank12                             bank12       000000
__Hbank13                             bank13       000000
__Hbank14                             bank14       000000
__Hbank15                             bank15       000000
__Hbank2                              bank2        000000
__Hbank3                              bank3        000000
__Hbank4                              bank4        000000
__Hbank5                              bank5        000000
__Hbank6                              bank6        000000
__Hbank7                              bank7        000000
__Hbank8                              bank8        000000
__Hbank9                              bank9        000000
__Hbigbss                             bigbss       000000
__Hbigdata                            bigdata      000000
__Hbigram                             bigram       000000
__Hbigsfr                             bigsfr       000000
__Hbss                                bss          000000
__HbssCOMRAM                          bssCOMRAM    000000
__Hcinit                              cinit        000000
__Hclrtext                            clrtext      000000
__Hcomram                             comram       000000
__Hconfig                             config       30000E
__Hconst                              const        000000
__HcstackCOMRAM                       cstackCOMRAM 000000
__Hdata                               data         000000
__HdataCOMRAM                         dataCOMRAM   000000
__Heeprom_data                        eeprom_data  000000
__Hfarbss                             farbss       000000
__Hfardata                            fardata      000000
__Hheap                               heap         000000
__Hibigdata                           ibigdata     000000
__Hidata                              idata        000000
__HidataCOMRAM                        idataCOMRAM  000000
__Hidloc                              idloc        200008
__Hifardata                           ifardata     000000
__Hinit                               init         000004
__Hintcode                            intcode      000000
__Hintcode_body                       intcode_body 000000
__Hintcodelo                          intcodelo    000000
__Hintentry                           intentry     000000
__Hintret                             intret       000000
__Hintsave_regs                       intsave_regs 000000
__Hirdata                             irdata       000000
__Hmediumconst                        mediumconst  000000
__HnvFARRAM                           nvFARRAM     000000
__Hnvbit                              nvbit        000000
__Hnvrram                             nvrram       000000
__Hparam                              rparam       000000
__Hpowerup                            powerup      000000
__Hram                                ram          000000
__Hramtop                             ramtop       001000
__Hrbit                               rbit         000000
__Hrbss                               rbss         000000
__Hrdata                              rdata        000000
__Hreset_vec                          reset_vec    000000
__Hrparam                             rparam       000000
__Hsfr                                sfr          000000
__Hsmallconst                         smallconst   00101E
__Hspace_0                            (abs)        0016C5
__Hspace_1                            (abs)        000062
__Hspace_2                            (abs)        000000
__Hspace_4                            (abs)        60000E
__Hstack                              stack        000000
__Hstruct                             struct       000000
__Htemp                               temp         000000
__Htext                               text         000000
__Htext0                              text0        000000
__Htext1                              text1        000000
__Htext2                              text2        000000
__Htext3                              text3        000000
__Htext4                              text4        000000
__Htext5                              text5        000000
__Htext6                              text6        000000
__Htext7                              text7        000000
__Htext8                              text8        000000
__LRAM                                (abs)        000001
__Labs1                               abs1         000000
__Lbank0                              bank0        000000
__Lbank1                              bank1        000000
__Lbank10                             bank10       000000
__Lbank11                             bank11       000000
__Lbank12                             bank12       000000
__Lbank13                             bank13       000000
__Lbank14                             bank14       000000
__Lbank15                             bank15       000000
__Lbank2                              bank2        000000
__Lbank3                              bank3        000000
__Lbank4                              bank4        000000
__Lbank5                              bank5        000000
__Lbank6                              bank6        000000
__Lbank7                              bank7        000000
__Lbank8                              bank8        000000
__Lbank9                              bank9        000000
__Lbigbss                             bigbss       000000
__Lbigdata                            bigdata      000000
__Lbigram                             bigram       000000
__Lbigsfr                             bigsfr       000000
__Lbss                                bss          000000
__LbssCOMRAM                          bssCOMRAM    000000
__Lcinit                              cinit        000000
__Lclrtext                            clrtext      000000
__Lcomram                             comram       000000
__Lconfig                             config       000000
__Lconst                              const        000000
__LcstackCOMRAM                       cstackCOMRAM 000000
__Ldata                               data         000000
__LdataCOMRAM                         dataCOMRAM   000000
__Leeprom_data                        eeprom_data  000000
__Lfarbss                             farbss       000000
__Lfardata                            fardata      000000
__Lheap                               heap         000000
__Libigdata                           ibigdata     000000
__Lidata                              idata        000000
__LidataCOMRAM                        idataCOMRAM  000000
__Lidloc                              idloc        000000
__Lifardata                           ifardata     000000
__Linit                               init         000000
__Lintcode                            intcode      000000
__Lintcode_body                       intcode_body 000000
__Lintcodelo                          intcodelo    000000
__Lintentry                           intentry     000000
__Lintret                             intret       000000
__Lintsave_regs                       intsave_regs 000000
__Lirdata                             irdata       000000
__Lmediumconst                        mediumconst  000000
__LnvFARRAM                           nvFARRAM     000000
__Lnvbit                              nvbit        000000
__Lnvrram                             nvrram       000000
__Lparam                              rparam       000000
__Lpowerup                            powerup      000000
__Lram                                ram          000000
__Lramtop                             ramtop       001000
__Lrbit                               rbit         000000
__Lrbss                               rbss         000000
__Lrdata                              rdata        000000
__Lreset_vec                          reset_vec    000000
__Lrparam                             rparam       000000
__Lsfr                                sfr          000000
__Lsmallconst                         smallconst   001000
__Lspace_0                            (abs)        000000
__Lspace_1                            (abs)        000000
__Lspace_2                            (abs)        000000
__Lspace_4                            (abs)        000000
__Lstack                              stack        000000
__Lstruct                             struct       000000
__Ltemp                               temp         000000
__Ltext                               text         000000
__Ltext0                              text0        000000
__Ltext1                              text1        000000
__Ltext2                              text2        000000
__Ltext3                              text3        000000
__Ltext4                              text4        000000
__Ltext5                              text5        000000
__Ltext6                              text6        000000
__Ltext7                              text7        000000
__Ltext8                              text8        000000
__S0                                  (abs)        0016C5
__S1                                  (abs)        000062
__S4                                  (abs)        000000
__S5                                  (abs)        000000
___heap_hi                            (abs)        000000
___heap_lo                            (abs)        000000
___inthi_sp                           stack        000000
___intlo_sp                           stack        000000
___param_bank                         (abs)        000000
___rparam_used                        (abs)        000001
___sp                                 stack        000000
__accesstop                           (abs)        000080
__activetblptr                        (abs)        000002
__end_of__initialization              cinit        001656
__end_of_buttons_array                smallconst   001011
__end_of_display_char_8               text6        001566
__end_of_display_string_at_position_8 text3        0015DA
__end_of_lcd_8_bit_init               text1        001396
__end_of_lcd_8_bit_set_cursor         text4        001446
__end_of_lcd_send_enable_8bit         text7        00162A
__end_of_main                         text0        001694
__end_of_pin_directoin_intialize      text2        001162
__end_of_pin_write_value              text8        00128E
__end_of_send_command_8               text5        0014D6
__initialization                      cinit        00162A
__mediumconst                         mediumconst  000000
__pbssCOMRAM                          bssCOMRAM    000055
__pcinit                              cinit        00162A
__pcstackCOMRAM                       cstackCOMRAM 000032
__pdataCOMRAM                         dataCOMRAM   000001
__pidataCOMRAM                        idataCOMRAM  001694
__psmallconst                         smallconst   001000
__ptext0                              text0        001660
__ptext1                              text1        00128E
__ptext2                              text2        00101E
__ptext3                              text3        001566
__ptext4                              text4        001396
__ptext5                              text5        001446
__ptext6                              text6        0014D6
__ptext7                              text7        0015DA
__ptext8                              text8        001162
__ramtop                              ramtop       001000
__smallconst                          smallconst   001000
_customChar                           dataCOMRAM   00001F
_display_char_8                       text6        0014D6
_display_string_at_position_8         text3        001566
_lcd_1                                dataCOMRAM   000028
_lcd_8_bit_init                       text1        00128E
_lcd_8_bit_set_cursor                 text4        001396
_lcd_send_enable_8bit                 text7        0015DA
_main                                 text0        001660
_pin_directoin_intialize              text2        00101E
_pin_write_value                      text8        001162
_ret                                  dataCOMRAM   000027
_send_command_8                       text5        001446
display_char_8@counter                cstackCOMRAM 000047
display_char_8@data                   cstackCOMRAM 000041
display_char_8@lcd                    cstackCOMRAM 00003F
display_char_8@ret                    cstackCOMRAM 000046
display_string_at_position_8@coloumn  cstackCOMRAM 000051
display_string_at_position_8@data     cstackCOMRAM 000052
display_string_at_position_8@lcd      cstackCOMRAM 00004E
display_string_at_position_8@ret      cstackCOMRAM 000054
display_string_at_position_8@row      cstackCOMRAM 000050
end_of_initialization                 cinit        001656
intlevel0                             text         000000
intlevel1                             text         000000
intlevel2                             text         000000
intlevel3                             text         000000
isa$std                               (abs)        000001
isa$xinst                             (abs)        000000
lcd_8_bit_init@counter                cstackCOMRAM 00004C
lcd_8_bit_init@lcd                    cstackCOMRAM 000048
lcd_8_bit_init@ret                    cstackCOMRAM 00004D
lcd_8_bit_set_cursor@column           cstackCOMRAM 00004B
lcd_8_bit_set_cursor@lcd              cstackCOMRAM 000048
lcd_8_bit_set_cursor@row              cstackCOMRAM 00004A
lcd_send_enable_8bit@lcd              cstackCOMRAM 00003C
lcd_send_enable_8bit@ret              cstackCOMRAM 00003E
led_init@F3011                        bssCOMRAM    000061
led_toggle@F3026                      bssCOMRAM    00005E
led_turn_off@F3021                    bssCOMRAM    00005F
led_turn_on@F3016                     bssCOMRAM    000060
pin_directoin_intialize@pin           cstackCOMRAM 000032
pin_directoin_intialize@ret           cstackCOMRAM 00003A
pin_write_value@pin                   cstackCOMRAM 000032
pin_write_value@ret                   cstackCOMRAM 00003B
pin_write_value@value                 cstackCOMRAM 000034
relay_init@F3005                      bssCOMRAM    00005D
relay_off@F3015                       bssCOMRAM    00005B
relay_on@F3010                        bssCOMRAM    00005C
send_command_8@command                cstackCOMRAM 000041
send_command_8@counter                cstackCOMRAM 000047
send_command_8@lcd                    cstackCOMRAM 00003F
send_command_8@ret                    cstackCOMRAM 000046
stackhi                               (abs)        000000
stacklo                               (abs)        000000
start                                 init         000000
start_initialization                  cinit        00162A


MODULE INFORMATION

Module		Function		Class		Link	Load	Size
MCAL/GPIO/gpio.c
		_pin_directoin_intialize		CODE           	101E	0000	324
		_pin_write_value		CODE           	1162	0000	300

MCAL/GPIO/gpio.c estimated size: 624

ECU/LCD/lcd.c
		_lcd_8_bit_set_cursor		CODE           	1396	0000	176
		_lcd_send_enable_8bit		CODE           	15DA	0000	80
		_display_char_8		CODE           	14D6	0000	144
		_display_string_at_position_8		CODE           	1566	0000	116
		_send_command_8		CODE           	1446	0000	144
		_lcd_8_bit_init		CODE           	128E	0000	264

ECU/LCD/lcd.c estimated size: 924

shared
		__initialization		CODE           	162A	0000	44
		_buttons_array 		SMALLCONST     	0000	0000	0

shared estimated size: 44

main.c
		_main          		CODE           	1660	0000	52

main.c estimated size: 52

